[18:57:08] [ServerMain/INFO]: [bootstrap] Running Java 25 (OpenJDK 64-Bit Server VM 25.0.2+10-LTS; Microsoft Microsoft-13053558) on Linux 6.8.0-1052-azure (amd64)
[18:57:08] [ServerMain/INFO]: [bootstrap] Loading Paper 26.2-62-main@75c0b48 (2026-07-17T17:14:52Z) for Minecraft 26.2
[18:57:09] [ServerMain/INFO]: [PluginInitializerManager] Initializing plugins...
[18:57:10] [ServerMain/INFO]: [PluginInitializerManager] Initialized 4 plugins
[18:57:10] [ServerMain/INFO]: [PluginInitializerManager] Bukkit plugins (4):
 - SkinsRestorer (15.12.4), TreeFella (1.2), VoxelMap (26.2-1.16.7), playit-gg (0.2.0)
[18:57:16] [ServerMain/INFO]: Environment: Environment[sessionHost=https://sessionserver.mojang.com, servicesHost=https://api.minecraftservices.com, profilesHost=https://api.mojang.com, name=PROD]
[18:57:20] [ServerMain/INFO]: Loaded 1585 recipes
[18:57:20] [ServerMain/INFO]: Loaded 1688 advancements
[18:57:20] [ServerMain/INFO]: [ca.spottedleaf.dataconverter.minecraft.datatypes.MCTypeRegistry] Initialising converters for DataConverter...
[18:57:20] [ServerMain/INFO]: [ca.spottedleaf.dataconverter.minecraft.datatypes.MCTypeRegistry] Finished initialising converters for DataConverter in 548.1ms
[18:57:21] [Server thread/INFO]: Starting minecraft server version 26.2
[18:57:21] [Server thread/INFO]: Loading properties
[18:57:21] [Server thread/INFO]: This server is running Paper version 26.2-62-main@75c0b48 (2026-07-17T17:14:52Z) (Implementing API version 26.2.build.62-beta)
[18:57:21] [Server thread/INFO]: [spark] This server bundles the spark profiler. For more information please visit https://docs.papermc.io/paper/profiling
[18:57:21] [Server thread/INFO]: Server Ping Player Sample Count: 12
[18:57:21] [Server thread/INFO]: Using 4 threads for Netty based IO
[18:57:22] [Server thread/INFO]: [MoonriseCommon] Paper is using 1 worker threads, 1 I/O threads
[18:57:22] [Server thread/INFO]: Default game type: SURVIVAL
[18:57:22] [Server thread/INFO]: Generating keypair
[18:57:23] [Server thread/INFO]: Starting Minecraft server on *:25565
[18:57:23] [Server thread/INFO]: Paper: Using libdeflate (Linux x86_64) compression from Velocity.
[18:57:23] [Server thread/INFO]: Paper: Using OpenSSL 3.x.x (Linux x86_64) cipher from Velocity.
[18:57:23] [Server thread/INFO]: [SkinsRestorer] Loading server plugin SkinsRestorer v15.12.4
[18:57:23] [Server thread/INFO]: [TreeFella] Loading server plugin TreeFella v1.2
[18:57:23] [Server thread/INFO]: [playit-gg] Loading server plugin playit-gg v0.2.0
[18:57:23] [Server thread/INFO]: [VoxelMap] Loading server plugin VoxelMap v26.2-1.16.7
[18:57:23] [Server thread/INFO]: Server permissions file permissions.yml is empty, ignoring it
[18:57:23] [Server thread/INFO]: [SkinsRestorer] Enabling SkinsRestorer v15.12.4
[18:57:25] [Server thread/INFO]: [SkinsRestorer] Running on Minecraft 26.2.0.
[18:57:25] [Server thread/INFO]: [SkinsRestorer] Using paper join listener!
[18:57:25] [Server thread/WARN]: **** SERVER IS RUNNING IN OFFLINE/INSECURE MODE!
[18:57:25] [Server thread/WARN]: The server will make no attempt to authenticate usernames. Beware.
[18:57:25] [Server thread/WARN]: While this makes the game possible to play without internet access, it also opens up the ability for hackers to connect with any username they choose.
[18:57:25] [Server thread/WARN]: To change this, set "online-mode" to "true" in the server.properties file.
[18:57:25] [Server thread/INFO]: Preparing level "world"
[18:57:25] [Folia Async Scheduler Thread #1/INFO]: [SkinsRestorer] ----------------------------------------------
[18:57:25] [Folia Async Scheduler Thread #1/INFO]: [SkinsRestorer]     +===================+
[18:57:25] [Folia Async Scheduler Thread #1/INFO]: [SkinsRestorer]     |   SkinsRestorer   |
[18:57:25] [Folia Async Scheduler Thread #1/INFO]: [SkinsRestorer]     |-------------------|
[18:57:25] [Folia Async Scheduler Thread #1/INFO]: [SkinsRestorer]     |  Standalone Mode  |
[18:57:25] [Folia Async Scheduler Thread #1/INFO]: [SkinsRestorer]     +===================+
[18:57:25] [Folia Async Scheduler Thread #1/INFO]: [SkinsRestorer] ----------------------------------------------
[18:57:25] [Folia Async Scheduler Thread #1/INFO]: [SkinsRestorer]     Version: 15.12.4
[18:57:25] [Folia Async Scheduler Thread #1/INFO]: [SkinsRestorer]     Commit: a5b2c20
[18:57:25] [Folia Async Scheduler Thread #1/INFO]: [SkinsRestorer]     This is the latest version!
[18:57:25] [Folia Async Scheduler Thread #1/INFO]: [SkinsRestorer] ----------------------------------------------
[18:57:25] [Folia Async Scheduler Thread #1/INFO]: [SkinsRestorer] Do you have issues? Read our troubleshooting guide: https://skinsrestorer.net/docs/troubleshooting
[18:57:25] [Folia Async Scheduler Thread #1/INFO]: [SkinsRestorer] Want to support SkinsRestorer or receive priority support? Become a supporter: https://skinsrestorer.net/pricing
[18:57:26] [Server thread/INFO]: Loading 0 persistent chunks for level 'minecraft:overworld'...
[18:57:26] [Server thread/INFO]: Preparing spawn area: 100%
[18:57:26] [Server thread/INFO]: Prepared spawn area in 6 ms
[18:57:26] [Server thread/INFO]: Loading 0 persistent chunks for level 'minecraft:the_nether'...
[18:57:26] [Server thread/INFO]: Prepared spawn area in 11 ms
[18:57:26] [Server thread/INFO]: Loading 0 persistent chunks for level 'minecraft:the_end'...
[18:57:26] [Server thread/INFO]: Preparing spawn area: 100%
[18:57:26] [Server thread/INFO]: Prepared spawn area in 11 ms
[18:57:26] [Server thread/INFO]: Done preparing level "world" (1.006s)
[18:57:26] [Server thread/INFO]: [TreeFella] Enabling TreeFella v1.2
[18:57:26] [Server thread/INFO]: [playit-gg] Enabling playit-gg v0.2.0
[18:57:27] [Thread-8/INFO]: [gg.playit.minecraft.PlayitKeysSetup] secret key found, checking
[18:57:27] [Thread-8/INFO]: [gg.playit.minecraft.PlayitKeysSetup] check secret
[18:57:27] [Server thread/INFO]: [VoxelMap] Enabling VoxelMap v26.2-1.16.7
[18:57:27] [Server thread/INFO]: [VoxelMap] Loaded VoxelMap server config from plugins/VoxelMap/voxelmap.json
[18:57:28] [Server thread/INFO]: [spark] Starting background profiler...
[18:57:28] [Thread-8/INFO]: [gg.playit.minecraft.PlayitKeysSetup] secret verified, ready to connect
[18:57:28] [Thread-8/INFO]: [gg.playit.minecraft.PlayitManager] keys setup complete, ready to connect
[18:57:29] [Thread-8/WARN]: [gg.playit.control.ChannelSetup] Got IO error working with :/[2602:fbaf:860:1:0:0:0:1]:5525, error : java.net.SocketException: Network is unreachable
[18:57:29] [Thread-8/INFO]: [gg.playit.control.ChannelSetup] request queued, waiting 1 second before resend
[18:57:29] [Server thread/INFO]: Saving chunks for level 'ServerLevel[world]'/minecraft:overworld
[18:57:29] [Server thread/INFO]: Saving chunks for level 'ServerLevel[world]'/minecraft:the_nether
[18:57:29] [Server thread/INFO]: Saving chunks for level 'ServerLevel[world]'/minecraft:the_end
[18:57:29] [Server thread/INFO]: ThreadedAnvilChunkStorage (world): All chunks are saved
[18:57:29] [Server thread/INFO]: ThreadedAnvilChunkStorage (DIM-1): All chunks are saved
[18:57:29] [Server thread/INFO]: ThreadedAnvilChunkStorage (DIM1): All chunks are saved
[18:57:29] [Server thread/INFO]: ThreadedAnvilChunkStorage: All dimensions are saved
[18:57:29] [Server thread/INFO]: Running delayed init tasks
[18:57:29] [Server thread/INFO]: [gg.playit.minecraft.PlayitPipelineInjector] injected playit header decoder into server channel: [id: 0x22b4ba44, L:/[0:0:0:0:0:0:0:0]:25565]
[18:57:29] [Server thread/INFO]: [gg.playit.minecraft.PlayitBukkit] playit header decoder injected into server pipeline
[18:57:29] [Server thread/INFO]: Done (23.273s)! For help, type "help"
[18:57:29] [Paper Async Task Handler Thread - 1/INFO]: *** Currently you are 1 build behind ***
[18:57:29] [Paper Async Task Handler Thread - 1/INFO]: *** It is highly recommended to download the latest build from https://papermc.io/downloads/paper ***
[18:57:30] [Thread-8/INFO]: [gg.playit.minecraft.PlayitManager] found minecraft java tunnel: give-zit.gl.joinmc.link
[18:57:30] [Thread-8/INFO]: playit.gg: tunnel setup
[18:57:30] [Thread-8/INFO]: playit.gg: give-zit.gl.joinmc.link
[19:01:31] [Thread-8/INFO]: [gg.playit.control.ChannelSetup] send keep alive
[19:05:32] [Thread-8/INFO]: [gg.playit.control.ChannelSetup] send keep alive
[19:09:34] [Thread-8/INFO]: [gg.playit.control.ChannelSetup] send keep alive
[19:13:35] [Thread-8/INFO]: [gg.playit.control.ChannelSetup] send keep alive
[19:17:36] [Thread-8/INFO]: [gg.playit.control.ChannelSetup] send keep alive
[19:21:37] [Thread-8/INFO]: [gg.playit.control.ChannelSetup] send keep alive
[19:25:38] [Thread-8/INFO]: [gg.playit.control.ChannelSetup] send keep alive
[19:29:39] [Thread-8/INFO]: [gg.playit.control.ChannelSetup] send keep alive
[19:33:40] [Thread-8/INFO]: [gg.playit.control.ChannelSetup] send keep alive
[19:37:42] [Thread-8/INFO]: [gg.playit.control.ChannelSetup] send keep alive
[19:41:43] [Thread-8/INFO]: [gg.playit.control.ChannelSetup] send keep alive
[19:45:44] [Thread-8/INFO]: [gg.playit.control.ChannelSetup] send keep alive
[19:49:45] [Thread-8/INFO]: [gg.playit.control.ChannelSetup] send keep alive
[19:53:46] [Thread-8/INFO]: [gg.playit.control.ChannelSetup] send keep alive
[19:57:47] [Thread-8/INFO]: [gg.playit.control.ChannelSetup] send keep alive
[20:01:48] [Thread-8/INFO]: [gg.playit.control.ChannelSetup] send keep alive
[20:05:50] [Thread-8/INFO]: [gg.playit.control.ChannelSetup] send keep alive
[20:09:51] [Thread-8/INFO]: [gg.playit.control.ChannelSetup] send keep alive
[20:13:52] [Thread-8/INFO]: [gg.playit.control.ChannelSetup] send keep alive
[20:17:53] [Thread-8/INFO]: [gg.playit.control.ChannelSetup] send keep alive
[20:21:54] [Thread-8/INFO]: [gg.playit.control.ChannelSetup] send keep alive
[20:25:55] [Thread-8/INFO]: [gg.playit.control.ChannelSetup] send keep alive
